Drill report for HW.ACIM-INV.kicad_pcb
Created on 2025-01-19T23:14:17+0700

Copper Layer Stackup:
    =============================================================
    L1 :  F.Cu                      front
    L2 :  In1.Cu                    in1
    L3 :  In2.Cu                    in2
    L4 :  B.Cu                      back


Drill file 'HW.ACIM-INV-PTH-drl.gbr' contains
    plated through holes:
    =============================================================
    T1  0.300mm  0.0118"  (348 holes)
    T2  0.400mm  0.0157"  (16 holes)
    T3  0.700mm  0.0276"  (6 holes)
    T4  0.800mm  0.0315"  (2 holes)
    T5  0.900mm  0.0354"  (2 holes)
    T6  1.000mm  0.0394"  (44 holes)
    T7  1.200mm  0.0472"  (13 holes)
    T8  1.500mm  0.0591"  (8 holes)
    T9  2.000mm  0.0787"  (2 holes)

    Total plated holes count 441


Drill file 'HW.ACIM-INV-NPTH-drl.gbr' contains
    unplated through holes:
    =============================================================
    T1  1.200mm  0.0472"  (1 hole)
    T2  2.200mm  0.0866"  (9 holes)

    Total unplated holes count 10
