Drill report for HW.ACIM-MCU-ADAP.kicad_pcb
Created on 2025-06-19T22:40:58+0700

Copper Layer Stackup:
    =============================================================
    L1 :  F.Cu                      front
    L2 :  In1.Cu                    in1
    L3 :  In2.Cu                    in2
    L4 :  B.Cu                      back


Drill file 'HW.ACIM-MCU-ADAP-PTH-drl.gbr' contains
    plated through holes:
    =============================================================
    T1  0.300mm  0.0118"  (222 holes)
    T2  0.900mm  0.0354"  (4 holes)
    T3  1.000mm  0.0394"  (4 holes)

    Total plated holes count 230


Drill file 'HW.ACIM-MCU-ADAP-NPTH-drl.gbr' contains
    unplated through holes:
    =============================================================
    T1  2.200mm  0.0866"  (1 hole)
    T2  3.000mm  0.1181"  (2 holes)

    Total unplated holes count 3
